// Jest Snapshot v1, https://goo.gl/fbAQLP

exports[`O Componente <ShortcutButton /> deve ser renderizado na tela corretamente 1`] = `
<div>
  <button
    className="button"
    onClick={[Function]}
    type="button"
  >
    <span
      style={
        Object {
          "height": 20,
          "width": 20,
        }
      }
    >
       
    </span>
  </button>
  <p
    className="title"
  >
    titulo test
  </p>
</div>
`;
