// Jest Snapshot v1, https://goo.gl/fbAQLP

exports[`O Componente <HomePage /> deve ser renderizado na tela corretamente 1`] = `
Array [
  <div
    className="mainContainer"
  >
    <div
      className="ant-page-header pageHeader"
    >
      <div
        className="ant-page-header-content"
      >
        <div
          className="pageHeaderContent"
        >
          <div
            className="ant-page-header dividerNoColor ant-page-header-ghost"
          />
          <div
            className="container"
          >
            <img
              alt="Logotipo AL5 Bank"
              src="logo-al5-dark.svg"
            />
            <p
              className="textWelcome"
            >
              Bem-vindos ao Painel Administrativo do AL5 Bank!
            </p>
            <p
              className="textHelp"
            >
              O que vocÃª gostaria de fazer?
            </p>
            <div
              className="shortcutsContainer"
            >
              <div>
                <button
                  className="button"
                  onClick={[Function]}
                  type="button"
                >
                  <span
                    className="icon"
                    style={
                      Object {
                        "height": 20,
                        "width": 20,
                      }
                    }
                  >
                     
                  </span>
                </button>
                <p
                  className="title"
                >
                  Contas
                </p>
              </div>
              <div>
                <button
                  className="button"
                  onClick={[Function]}
                  type="button"
                >
                  <span
                    className="icon"
                    style={
                      Object {
                        "height": 20,
                        "width": 20,
                      }
                    }
                  >
                     
                  </span>
                </button>
                <p
                  className="title"
                >
                  Recargas
                </p>
              </div>
            </div>
          </div>
        </div>
      </div>
    </div>
  </div>,
  ",",
]
`;
