// Jest Snapshot v1, https://goo.gl/fbAQLP

exports[`O Componente <InfoCompany /> deve ser renderizado na tela corretamente 1`] = `null`;
